// Jest Snapshot v1, https://goo.gl/fbAQLP

exports[`renders without crashing 1`] = `
<div>
  test, 
  test0
  <br />
  <button
    className="btn btn-default"
    disabled={false}
    onClick={[Function]}
    type="button"
  >
    Test
  </button>
</div>
`;

exports[`test on click action 1`] = `
<div>
  test, 
  test0
  <br />
  <button
    className="btn btn-default"
    disabled={false}
    onClick={[Function]}
    type="button"
  >
    Test
  </button>
</div>
`;
